// Jest Snapshot v1, https://goo.gl/fbAQLP

exports[`renders the Navbar component 1`] = `
<nav>
  <h1
    data-testid="heading"
  >
    Math Magicians
  </h1>
  <ul>
    <li
      data-testid="home"
    >
      <a
        href="/"
        onClick={[Function]}
      >
        Home
      </a>
    </li>
    <li
      data-testid="calculator"
    >
      <a
        href="/calculator"
        onClick={[Function]}
      >
        Calculator
      </a>
    </li>
    <li
      data-testid="quote"
    >
      <a
        href="/quote"
        onClick={[Function]}
      >
        Quote
      </a>
    </li>
  </ul>
</nav>
`;
